bad_end_error_pos.lean:7:0: error: invalid 'end', there is no open namespace/section
