
[Compiler.test] Starting wrapper test pullInstancesSizeEq for pullInstances occurrence 0
[Compiler.test] Wrapper test pullInstancesSizeEq for pullInstances occurrence 0 successful
[Compiler.test] Starting post condition test pullInstancesFix for pullInstances occurrence 0
[Compiler.test] Post condition test pullInstancesFix for pullInstances occurrence 0 successful
