  Set: pp::colors
  Set: pp::unicode
  Imported 'tactic'
Cond result: true
  Proved: T1
Cond result: false
  Proved: T2
When result: true
  Proved: T4
When result: false
  Proved: T5
