  Set: pp::colors
  Set: pp::unicode
leak2.lean:1:15: error: unknown identifier 'a'
