unsafe def f._cstage2 : _obj â†’ UInt8 :=
fun (x : _obj) =>
  List.casesOn
    fun (hd tl : _obj) =>
      let _x_1 : UInt8 := Nat.decLt 0 hd;
      Bool.casesOn false (f tl)
