  Set: pp::colors
  Set: pp::unicode
  Assumed: x
x : ℤ,
y : ℤ
Variable x : ℤ
nil
