nat.succ (nat.succ (nat.succ (nat.succ (nat.succ (nat.succ (nat.succ (nat.succ (nat.succ nat.zero))))))))
9
9
