  Set: pp::colors
  Set: pp::unicode
OUTPUT: foo
OUTPUT: testing
OUTPUT: bla
