  Set: pp::colors
  Set: pp::unicode
  Imported 'macros'
  Imported 'subtype'
  Imported 'optional'
  Using: subtype
  Using: optional
