ind c ⟦a⟧ : (λ (_x : quot s), B _x) ⟦a⟧
c a : B ⟦a⟧
c a
