"hellohello"
"hello hello"
5
['h', 'e', 'l', 'l', 'o']
['α', 'β']
[]
['α', 'β', 'γ']
['γ', 'β', 'α']
0
3
[]
['α']
['β', 'α']
['β', 'γ']
