syntheticHolesAsPatterns.lean:7:30-7:31: error: don't know how to synthesize placeholder
context:
α✝ β : Type
a✝ : α✝
x : Fam2 α✝ β
α : Type
a : α
⊢ α
syntheticHolesAsPatterns.lean:8:30-8:31: error: don't know how to synthesize placeholder
context:
α β : Type
a✝ : α
x : Fam2 α β
a n : Nat
⊢ Nat
