  Assumed: f
[33mâˆ€[0m a b : [36mType[0m, (f a) = (f b)
  Assumed: g
[33mâˆ€[0m (a b : [36mType[0m) (c : Bool), g c ((f a) = (f b))
[33mâˆƒ[0m (a b : [36mType[0m) (c : Bool), g c ((f a) = (f b))
[33mâˆ€[0m (a b : [36mType[0m) (c : Bool), (g c (f a)) = (f b) â‡’ (f a)
Bool
[33mâˆ€[0m (a b : [36mType[0m) (c : Bool), g c ((f a) = (f b))
[33mâˆ€[0m a b : [36mType[0m, (f a) = (f b)
[33mâˆƒ[0m a b : [36mType[0m, (f a) = (f b) âˆ§ (f a)
[33mâˆƒ[0m a b : [36mType[0m, (f a) = (f b) âˆ¨ (f b)
  Assumed: a
(f a) âˆ¨ (f a)
(f a) = a âˆ¨ (f a)
(f a) = a âˆ§ (f a)
