id2 Type₁ num : Type₁
id2 Type₁ num : Type₁
id2 Type₁ num : Type₁
id2 Type₁ num : Type₁
id2 Type₁ num : Type₁
id2 Type₂ Type₁ : Type₂
