{"textDocument": {"version": 2, "uri": "file://editAfterError.lean"},
 "contentChanges":
 [{"text": "s",
   "range":
   {"start": {"line": 1, "character": 10},
    "end": {"line": 1, "character": 11}}}]}
{"version": 2,
 "uri": "file://editAfterError.lean",
 "diagnostics":
 [{"source": "Lean 4 server",
   "severity": 1,
   "range":
   {"start": {"line": 0, "character": 7}, "end": {"line": 0, "character": 10}},
   "message": "unknown identifier 'tru'",
   "fullRange":
   {"start": {"line": 0, "character": 7}, "end": {"line": 0, "character": 10}}},
  {"source": "Lean 4 server",
   "severity": 1,
   "range":
   {"start": {"line": 1, "character": 7}, "end": {"line": 1, "character": 11}},
   "message": "unknown identifier 'fals'",
   "fullRange":
   {"start": {"line": 1, "character": 7}, "end": {"line": 1, "character": 11}}},
  {"source": "Lean 4 server",
   "severity": 3,
   "range":
   {"start": {"line": 3, "character": 0}, "end": {"line": 3, "character": 0}},
   "message": "processing...",
   "fullRange":
   {"start": {"line": 3, "character": 0}, "end": {"line": 3, "character": 0}}}]}
{"version": 2,
 "uri": "file://editAfterError.lean",
 "diagnostics":
 [{"source": "Lean 4 server",
   "severity": 1,
   "range":
   {"start": {"line": 0, "character": 7}, "end": {"line": 0, "character": 10}},
   "message": "unknown identifier 'tru'",
   "fullRange":
   {"start": {"line": 0, "character": 7}, "end": {"line": 0, "character": 10}}},
  {"source": "Lean 4 server",
   "severity": 1,
   "range":
   {"start": {"line": 1, "character": 7}, "end": {"line": 1, "character": 11}},
   "message": "unknown identifier 'fals'",
   "fullRange":
   {"start": {"line": 1, "character": 7},
    "end": {"line": 1, "character": 11}}}]}
