a b : ℕ,
Heq : a = b
⊢ succ (succ a) = succ (b + 1)
---- after change ----
a b : ℕ,
Heq : a = b
⊢ a + 1 + 1 = b + 1 + 1
